// Vitest Snapshot v1, https://vitest.dev/guide/snapshot.html

exports[`CityHeader snapshot test > src	estsnapshot__snapshots__CityHeaderSnapshot.test.tsx.snap 1`] = `
<div>
  <div
    class="cityHeader"
  >
    <h3>
      Example City
    </h3>
    <img
      alt="icon"
      src="/src/assets/rain.svg"
    />
    <p>
      10
       mm
    </p>
    <p>
      30
       / 
      20
      ℃
    </p>
  </div>
</div>
`;

exports[`CityHeader snapshot test > src/test/snapshot/__snapshots__/CityHeaderSnapshot.test.tsx.snap 1`] = `
<div>
  <div
    class="cityHeader"
  >
    <h3>
      Example City
    </h3>
    <img
      alt="icon"
      src="/src/assets/rain.svg"
    />
    <p>
      10
       mm
    </p>
    <p>
      30
       / 
      20
      ℃
    </p>
  </div>
</div>
`;

exports[`CityHeader snapshot test > src/test/snapshot/__snapshots__CityHeaderSnapshot.test.tsx.snap 1`] = `
<div>
  <div
    class="cityHeader"
  >
    <h3>
      Example City
    </h3>
    <img
      alt="icon"
      src="/src/assets/rain.svg"
    />
    <p>
      10
       mm
    </p>
    <p>
      30
       / 
      20
      ℃
    </p>
  </div>
</div>
`;

exports[`CityHeader snapshot test > src/test/snapshot__snapshots__CityHeaderSnapshot.test.tsx.snap 1`] = `
<div>
  <div
    class="cityHeader"
  >
    <h3>
      Example City
    </h3>
    <img
      alt="icon"
      src="/src/assets/rain.svg"
    />
    <p>
      10
       mm
    </p>
    <p>
      30
       / 
      20
      ℃
    </p>
  </div>
</div>
`;

exports[`CityHeader snapshot test > src/testsnapshot__snapshots__CityHeaderSnapshot.test.tsx.snap 1`] = `
<div>
  <div
    class="cityHeader"
  >
    <h3>
      Example City
    </h3>
    <img
      alt="icon"
      src="/src/assets/rain.svg"
    />
    <p>
      10
       mm
    </p>
    <p>
      30
       / 
      20
      ℃
    </p>
  </div>
</div>
`;

exports[`CityHeader snapshot test 1`] = `
<div>
  <div
    class="cityHeader"
  >
    <h3>
      Example City
    </h3>
    <img
      alt="icon"
      src="/src/assets/rain.svg"
    />
    <p>
      10
       mm
    </p>
    <p>
      30
       / 
      20
      ℃
    </p>
  </div>
</div>
`;
