// Vitest Snapshot v1, https://vitest.dev/guide/snapshot.html

exports[`renders correctly > src/test/snapshot/__snapshots__/CountryFilter.test.tsx.snap 1`] = `
{
  "asFragment": [Function],
  "baseElement": <body>
    <div>
      <div
        class="countryFilter"
      >
        <button
          class="countryButton "
        >
          All
        </button>
        <button
          class="countryButton active"
        >
          USA
        </button>
        <button
          class="countryButton "
        >
          Canada
        </button>
        <button
          class="countryButton "
        >
          UK
        </button>
      </div>
    </div>
  </body>,
  "container": <div>
    <div
      class="countryFilter"
    >
      <button
        class="countryButton "
      >
        All
      </button>
      <button
        class="countryButton active"
      >
        USA
      </button>
      <button
        class="countryButton "
      >
        Canada
      </button>
      <button
        class="countryButton "
      >
        UK
      </button>
    </div>
  </div>,
  "debug": [Function],
  "findAllByAltText": [Function],
  "findAllByDisplayValue": [Function],
  "findAllByLabelText": [Function],
  "findAllByPlaceholderText": [Function],
  "findAllByRole": [Function],
  "findAllByTestId": [Function],
  "findAllByText": [Function],
  "findAllByTitle": [Function],
  "findByAltText": [Function],
  "findByDisplayValue": [Function],
  "findByLabelText": [Function],
  "findByPlaceholderText": [Function],
  "findByRole": [Function],
  "findByTestId": [Function],
  "findByText": [Function],
  "findByTitle": [Function],
  "getAllByAltText": [Function],
  "getAllByDisplayValue": [Function],
  "getAllByLabelText": [Function],
  "getAllByPlaceholderText": [Function],
  "getAllByRole": [Function],
  "getAllByTestId": [Function],
  "getAllByText": [Function],
  "getAllByTitle": [Function],
  "getByAltText": [Function],
  "getByDisplayValue": [Function],
  "getByLabelText": [Function],
  "getByPlaceholderText": [Function],
  "getByRole": [Function],
  "getByTestId": [Function],
  "getByText": [Function],
  "getByTitle": [Function],
  "queryAllByAltText": [Function],
  "queryAllByDisplayValue": [Function],
  "queryAllByLabelText": [Function],
  "queryAllByPlaceholderText": [Function],
  "queryAllByRole": [Function],
  "queryAllByTestId": [Function],
  "queryAllByText": [Function],
  "queryAllByTitle": [Function],
  "queryByAltText": [Function],
  "queryByDisplayValue": [Function],
  "queryByLabelText": [Function],
  "queryByPlaceholderText": [Function],
  "queryByRole": [Function],
  "queryByTestId": [Function],
  "queryByText": [Function],
  "queryByTitle": [Function],
  "rerender": [Function],
  "unmount": [Function],
}
`;
